Godot Engine v4.7.2.stable.mono.official.ed1daf0bf - https://godotengine.org

The Synaptic Sea coherent proof ship bootstrap loaded.
PLAYABLE SHIP READY player_spawned=true camera_spawned=true objectives=5 collision_shapes=112
PLAYABLE SHIP SAVED location= sequence=1
PLAYABLE SHIP READY player_spawned=true camera_spawned=true objectives=5 collision_shapes=112
PLAYABLE SHIP READY player_spawned=true camera_spawned=true objectives=5 collision_shapes=112
PLAYABLE SHIP LOADED sequence=1 position=(20.00,4.55,4.00)
PLAYABLE SHIP READY player_spawned=true camera_spawned=true objectives=5 collision_shapes=112
PLAYABLE SHIP READY player_spawned=true camera_spawned=true objectives=5 collision_shapes=112
PLAYABLE SHIP LOADED sequence=1 position=(20.00,4.55,4.00)
PLAYABLE SHIP READY player_spawned=true camera_spawned=true objectives=5 collision_shapes=112
PLAYABLE SHIP READY player_spawned=true camera_spawned=true objectives=5 collision_shapes=112
PLAYABLE SHIP LOADED sequence=1 position=(20.00,4.55,4.00)
PLAYABLE SHIP READY player_spawned=true camera_spawned=true objectives=5 collision_shapes=112
PLAYABLE SHIP READY player_spawned=true camera_spawned=true objectives=5 collision_shapes=112
PLAYABLE SHIP READY player_spawned=true camera_spawned=true objectives=5 collision_shapes=112
PLAYABLE SHIP LOADED sequence=1 position=(20.00,4.55,4.00)
PLAYABLE SHIP READY player_spawned=true camera_spawned=true objectives=5 collision_shapes=112
PLAYABLE SHIP READY player_spawned=true camera_spawned=true objectives=5 collision_shapes=112
PLAYABLE SHIP LOADED sequence=1 position=(20.00,4.55,4.00)
PLAYABLE SHIP READY player_spawned=true camera_spawned=true objectives=5 collision_shapes=112
PLAYABLE SHIP READY player_spawned=true camera_spawned=true objectives=5 collision_shapes=112
PLAYABLE SHIP READY player_spawned=true camera_spawned=true objectives=5 collision_shapes=112
PLAYABLE SHIP READY player_spawned=true camera_spawned=true objectives=5 collision_shapes=112
PLAYABLE SHIP LOADED sequence=1 position=(20.00,4.55,4.00)
P10 RESTORE AUTHORITY DIFF world.home_ship.settings_summary.motion_reduce type expected=4 actual=1
PLAYABLE SHIP READY player_spawned=true camera_spawned=true objectives=5 collision_shapes=112
PLAYABLE SHIP READY player_spawned=true camera_spawned=true objectives=5 collision_shapes=112
CRAFT STARTED station=workbench recipe=weld_plating
PLAYABLE SHIP SAVED location= sequence=1
PLAYABLE SHIP READY player_spawned=true camera_spawned=true objectives=5 collision_shapes=112
PLAYABLE SHIP READY player_spawned=true camera_spawned=true objectives=5 collision_shapes=112
PLAYABLE SHIP LOADED sequence=1 position=(0.00,0.55,-4.00)
PLAYABLE SHIP READY player_spawned=true camera_spawned=true objectives=5 collision_shapes=112
PLAYABLE SHIP READY player_spawned=true camera_spawned=true objectives=5 collision_shapes=112
PLAYABLE SHIP LOADED sequence=1 position=(0.00,0.55,-4.00)
CRAFT COMPLETED item=plating qty=1 quality=poor
CRAFT STARTED station=workbench recipe=weld_plating
PLAYABLE SHIP SAVED location=0:0:0 sequence=1
PLAYABLE SHIP READY player_spawned=true camera_spawned=true objectives=5 collision_shapes=112
PLAYABLE SHIP READY player_spawned=true camera_spawned=true objectives=5 collision_shapes=112
PLAYABLE SHIP LOADED sequence=1 position=(4.00,0.00,2.00)
PLAYABLE SHIP READY player_spawned=true camera_spawned=true objectives=5 collision_shapes=112
PLAYABLE SHIP READY player_spawned=true camera_spawned=true objectives=5 collision_shapes=112
PLAYABLE SHIP LOADED sequence=1 position=(4.00,0.00,2.00)
FIELD CRAFT STARTED recipe=field_bandage
FIELD CRAFT COMPLETED item=field_bandage qty=1 quality=poor
PLAYABLE SHIP SAVED location= sequence=1
PLAYABLE SHIP READY player_spawned=true camera_spawned=true objectives=5 collision_shapes=112
PLAYABLE SHIP READY player_spawned=true camera_spawned=true objectives=5 collision_shapes=112
PLAYABLE SHIP LOADED sequence=1 position=(0.00,0.55,-4.00)
PLAYABLE SHIP READY player_spawned=true camera_spawned=true objectives=5 collision_shapes=112
PLAYABLE SHIP READY player_spawned=true camera_spawned=true objectives=5 collision_shapes=112
PLAYABLE SHIP LOADED sequence=1 position=(0.00,0.55,-4.00)
PLAYABLE SHIP SAVED location=0:0:0 sequence=1
PLAYABLE SHIP READY player_spawned=true camera_spawned=true objectives=5 collision_shapes=112
PLAYABLE SHIP READY player_spawned=true camera_spawned=true objectives=5 collision_shapes=112
PLAYABLE SHIP LOADED sequence=1 position=(4.00,0.00,2.00)
PLAYABLE SHIP READY player_spawned=true camera_spawned=true objectives=5 collision_shapes=112
PLAYABLE SHIP READY player_spawned=true camera_spawned=true objectives=5 collision_shapes=112
PLAYABLE SHIP LOADED sequence=1 position=(4.00,0.00,2.00)
PLAYABLE SHIP SAVED location= sequence=1
PLAYABLE SHIP READY player_spawned=true camera_spawned=true objectives=5 collision_shapes=112
PLAYABLE SHIP READY player_spawned=true camera_spawned=true objectives=5 collision_shapes=112
PLAYABLE SHIP LOADED sequence=1 position=(40.00,4.12,0.00)
PLAYABLE SHIP READY player_spawned=true camera_spawned=true objectives=5 collision_shapes=112
PLAYABLE SHIP READY player_spawned=true camera_spawned=true objectives=5 collision_shapes=112
PLAYABLE SHIP LOADED sequence=1 position=(40.00,4.12,0.00)
FC P10 PASS
