........................FFFFFFF.FFFFFFFF.FFFF..                          [100%]
=================================== FAILURES ===================================
________ test_blender_authored_material_collision_fails_before_mutation ________

tmp_path = PosixPath('/Volumes/Untitled/SynapticSeaAssets/worktrees/room-kit-v2/artifacts/room_kit_v2/pipeline-update/tmp/pytest-of-christopherwilloughby/pytest-10/test_blender_authored_material0')

    def test_blender_authored_material_collision_fails_before_mutation(tmp_path: Path) -> None:
        for fixture in (BLENDER, SOURCE_FIXTURE, MATERIAL_FIXTURE):
            if not fixture.is_file():
                pytest.fail(f"fixture missing: {fixture}")
    
        structural_root = tmp_path / "structural"
        source_dir = structural_root / "floor_1x1"
        source_dir.mkdir(parents=True)
        source_blend = source_dir / "floor_1x1.blend"
        shutil.copy2(SOURCE_FIXTURE, source_blend)
        props_root = tmp_path / "props"
        props_root.mkdir()
        material_dir = tmp_path / "materials"
        material_dir.mkdir()
        shutil.copy2(MATERIAL_FIXTURE, material_dir / "salvage_industrial.blend")
    
        before = source_blend.read_bytes()
    
        result = _recipe_with_external_material_library(
            _recipe_command(
                project_root=PROJECT_ROOT,
                structural_root=structural_root,
                props_root=props_root,
                asset_id="floor_1x1",
            )
        )
        assert result.returncode == 1
>       assert "refusing to rename, delete, or use" in result.stdout + result.stderr
E       AssertionError: assert 'refusing to rename, delete, or use' in ('Blender 5.2.0 LTS (hash fbe6228777e7 built 2026-07-14 01:31:22)\n' + 'ERROR: structural visual-fit HOLD: floor_1x1: legacy structural recipe has not been migrated to the shared visual dimensions; author a copied candidate master and use the guarded staged exporter\n')
E        +  where 'Blender 5.2.0 LTS (hash fbe6228777e7 built 2026-07-14 01:31:22)\n' = CompletedProcess(args=['/opt/homebrew/bin/blender', '--background', '--factory-startup', '--python', '/Volumes/Untitle...been migrated to the shared visual dimensions; author a copied candidate master and use the guarded staged exporter\n').stdout
E        +  and   'ERROR: structural visual-fit HOLD: floor_1x1: legacy structural recipe has not been migrated to the shared visual dimensions; author a copied candidate master and use the guarded staged exporter\n' = CompletedProcess(args=['/opt/homebrew/bin/blender', '--background', '--factory-startup', '--python', '/Volumes/Untitle...been migrated to the shared visual dimensions; author a copied candidate master and use the guarded staged exporter\n').stderr

tests/test_focused_nine_blender_recipes.py:768: AssertionError
_____ test_blender_owned_suffixed_library_remnant_is_repaired_canonically ______

tmp_path = PosixPath('/Volumes/Untitled/SynapticSeaAssets/worktrees/room-kit-v2/artifacts/room_kit_v2/pipeline-update/tmp/pytest-of-christopherwilloughby/pytest-10/test_blender_owned_suffixed_li0')

    def test_blender_owned_suffixed_library_remnant_is_repaired_canonically(
        tmp_path: Path,
    ) -> None:
        for fixture in (BLENDER, SOURCE_FIXTURE, MATERIAL_FIXTURE):
            if not fixture.is_file():
                pytest.fail(f"fixture missing: {fixture}")
    
        structural_root = tmp_path / "structural"
        source_dir = structural_root / "floor_1x1"
        source_dir.mkdir(parents=True)
        source_blend = source_dir / "floor_1x1.blend"
        shutil.copy2(SOURCE_FIXTURE, source_blend)
        props_root = tmp_path / "props"
        props_root.mkdir()
        material_dir = tmp_path / "materials"
        material_dir.mkdir()
        shutil.copy2(MATERIAL_FIXTURE, material_dir / "salvage_industrial.blend")
    
        seed_expr = (
            "import bpy; "
            f"bpy.ops.wm.open_mainfile(filepath={str(source_blend)!r}); "
            "canonical=bpy.data.materials['MAT_PaintedAlloyGray']; "
            "[setattr(slot, 'material', None) for obj in bpy.data.objects for slot in obj.material_slots if slot.material is canonical]; "
            "bpy.data.materials.remove(canonical); "
            f"bpy.ops.wm.save_as_mainfile(filepath={str(source_blend)!r})"
        )
        seeded = subprocess.run(
            [str(BLENDER), "--background", "--factory-startup", "--python-expr", seed_expr],
            capture_output=True,
            text=True,
            check=False,
            timeout=60,
        )
        assert seeded.returncode == 0, seeded.stdout + seeded.stderr
    
        command = _recipe_command(
            project_root=PROJECT_ROOT,
            structural_root=structural_root,
            props_root=props_root,
            asset_id="floor_1x1",
        )
        first = _recipe_with_external_material_library(command)
>       assert first.returncode == 0, first.stdout + first.stderr
E       AssertionError: Blender 5.2.0 LTS (hash fbe6228777e7 built 2026-07-14 01:31:22)
E         ERROR: structural visual-fit HOLD: floor_1x1: legacy structural recipe has not been migrated to the shared visual dimensions; author a copied candidate master and use the guarded staged exporter
E         
E       assert 1 == 0
E        +  where 1 = CompletedProcess(args=['/opt/homebrew/bin/blender', '--background', '--factory-startup', '--python', '/Volumes/Untitle...been migrated to the shared visual dimensions; author a copied candidate master and use the guarded staged exporter\n').returncode

tests/test_focused_nine_blender_recipes.py:834: AssertionError
_____ test_blender_verified_remnant_with_wrong_module_context_is_rejected ______

tmp_path = PosixPath('/Volumes/Untitled/SynapticSeaAssets/worktrees/room-kit-v2/artifacts/room_kit_v2/pipeline-update/tmp/pytest-of-christopherwilloughby/pytest-10/test_blender_verified_remnant_0')

    def test_blender_verified_remnant_with_wrong_module_context_is_rejected(
        tmp_path: Path,
    ) -> None:
        for fixture in (BLENDER, SOURCE_FIXTURE, MATERIAL_FIXTURE):
            if not fixture.is_file():
                pytest.fail(f"fixture missing: {fixture}")
    
        structural_root = tmp_path / "structural"
        source_dir = structural_root / "floor_1x1"
        source_dir.mkdir(parents=True)
        source_blend = source_dir / "floor_1x1.blend"
        shutil.copy2(SOURCE_FIXTURE, source_blend)
        props_root = tmp_path / "props"
        props_root.mkdir()
        material_dir = tmp_path / "materials"
        material_dir.mkdir()
        shutil.copy2(MATERIAL_FIXTURE, material_dir / "salvage_industrial.blend")
    
        seed_expr = (
            "import bpy; "
            f"bpy.ops.wm.open_mainfile(filepath={str(source_blend)!r}); "
            "canonical=bpy.data.materials['MAT_PaintedAlloyGray']; "
            "[setattr(slot, 'material', None) for obj in bpy.data.objects for slot in obj.material_slots if slot.material is canonical]; "
            "bpy.data.materials.remove(canonical); "
            "wrong_root=bpy.data.objects.new('ModuleRoot_wall_straight_1x1', None); "
            "bpy.context.scene.collection.objects.link(wrong_root); "
            "generated=bpy.data.objects['FocusedNine_floor_1x1_floor_panel']; generated.parent=wrong_root; "
            f"bpy.ops.wm.save_as_mainfile(filepath={str(source_blend)!r})"
        )
        seeded = subprocess.run(
            [str(BLENDER), "--background", "--factory-startup", "--python-expr", seed_expr],
            capture_output=True,
            text=True,
            check=False,
            timeout=60,
        )
        assert seeded.returncode == 0, seeded.stdout + seeded.stderr
        before = source_blend.read_bytes()
    
        result = _recipe_with_external_material_library(
            _recipe_command(
                project_root=PROJECT_ROOT,
                structural_root=structural_root,
                props_root=props_root,
                asset_id="floor_1x1",
            )
        )
        assert result.returncode == 1, result.stdout + result.stderr
>       assert "has an authored user" in result.stdout + result.stderr
E       AssertionError: assert 'has an authored user' in ('Blender 5.2.0 LTS (hash fbe6228777e7 built 2026-07-14 01:31:22)\n' + 'ERROR: structural visual-fit HOLD: floor_1x1: legacy structural recipe has not been migrated to the shared visual dimensions; author a copied candidate master and use the guarded staged exporter\n')
E        +  where 'Blender 5.2.0 LTS (hash fbe6228777e7 built 2026-07-14 01:31:22)\n' = CompletedProcess(args=['/opt/homebrew/bin/blender', '--background', '--factory-startup', '--python', '/Volumes/Untitle...been migrated to the shared visual dimensions; author a copied candidate master and use the guarded staged exporter\n').stdout
E        +  and   'ERROR: structural visual-fit HOLD: floor_1x1: legacy structural recipe has not been migrated to the shared visual dimensions; author a copied candidate master and use the guarded staged exporter\n' = CompletedProcess(args=['/opt/homebrew/bin/blender', '--background', '--factory-startup', '--python', '/Volumes/Untitle...been migrated to the shared visual dimensions; author a copied candidate master and use the guarded staged exporter\n').stderr

tests/test_focused_nine_blender_recipes.py:934: AssertionError
____ test_blender_owned_canonical_legacy_material_is_repaired_from_library _____

tmp_path = PosixPath('/Volumes/Untitled/SynapticSeaAssets/worktrees/room-kit-v2/artifacts/room_kit_v2/pipeline-update/tmp/pytest-of-christopherwilloughby/pytest-10/test_blender_owned_canonical_l0')

    def test_blender_owned_canonical_legacy_material_is_repaired_from_library(
        tmp_path: Path,
    ) -> None:
        for fixture in (BLENDER, SOURCE_FIXTURE, MATERIAL_FIXTURE):
            if not fixture.is_file():
                pytest.fail(f"fixture missing: {fixture}")
    
        structural_root = tmp_path / "structural"
        source_dir = structural_root / "floor_1x1"
        source_dir.mkdir(parents=True)
        source_blend = source_dir / "floor_1x1.blend"
        shutil.copy2(SOURCE_FIXTURE, source_blend)
        props_root = tmp_path / "props"
        props_root.mkdir()
        material_dir = tmp_path / "materials"
        material_dir.mkdir()
        shutil.copy2(MATERIAL_FIXTURE, material_dir / "salvage_industrial.blend")
    
        seed_expr = (
            "import bpy; "
            f"bpy.ops.wm.open_mainfile(filepath={str(source_blend)!r}); "
            "canonical=bpy.data.materials['MAT_PaintedAlloyGray']; "
            "[setattr(slot, 'material', None) for obj in bpy.data.objects for slot in obj.material_slots if slot.material is canonical]; "
            "bpy.data.materials.remove(canonical); "
            "legacy=bpy.data.materials['MAT_PaintedAlloyGray.001']; legacy.name='MAT_PaintedAlloyGray'; "
            "[legacy.__delitem__(key) for key in ('focused_nine_source_library', 'focused_nine_source_name') if key in legacy]; "
            f"bpy.ops.wm.save_as_mainfile(filepath={str(source_blend)!r})"
        )
        seeded = subprocess.run(
            [str(BLENDER), "--background", "--factory-startup", "--python-expr", seed_expr],
            capture_output=True,
            text=True,
            check=False,
            timeout=60,
        )
        assert seeded.returncode == 0, seeded.stdout + seeded.stderr
    
        result = _recipe_with_external_material_library(
            _recipe_command(
                project_root=PROJECT_ROOT,
                structural_root=structural_root,
                props_root=props_root,
                asset_id="floor_1x1",
            )
        )
>       assert result.returncode == 0, result.stdout + result.stderr
E       AssertionError: Blender 5.2.0 LTS (hash fbe6228777e7 built 2026-07-14 01:31:22)
E         ERROR: structural visual-fit HOLD: floor_1x1: legacy structural recipe has not been migrated to the shared visual dimensions; author a copied candidate master and use the guarded staged exporter
E         
E       assert 1 == 0
E        +  where 1 = CompletedProcess(args=['/opt/homebrew/bin/blender', '--background', '--factory-startup', '--python', '/Volumes/Untitle...been migrated to the shared visual dimensions; author a copied candidate master and use the guarded staged exporter\n').returncode

tests/test_focused_nine_blender_recipes.py:983: AssertionError
_______ test_blender_floor_recipe_emits_exact_material_names_and_exports _______

tmp_path = PosixPath('/Volumes/Untitled/SynapticSeaAssets/worktrees/room-kit-v2/artifacts/room_kit_v2/pipeline-update/tmp/pytest-of-christopherwilloughby/pytest-10/test_blender_floor_recipe_emit0')

    def test_blender_floor_recipe_emits_exact_material_names_and_exports(tmp_path: Path) -> None:
        for fixture in (BLENDER, SOURCE_FIXTURE, MATERIAL_FIXTURE, CONTRACT_FIXTURE):
            if not fixture.is_file():
                pytest.fail(f"fixture missing: {fixture}")
    
        structural_root = tmp_path / "structural"
        source_dir = structural_root / "floor_1x1"
        source_dir.mkdir(parents=True)
        source_blend = source_dir / "floor_1x1.blend"
        shutil.copy2(SOURCE_FIXTURE, source_blend)
        _prepare_material_free_source(source_blend)
        props_root = tmp_path / "props"
        props_root.mkdir()
        material_dir = tmp_path / "materials"
        material_dir.mkdir()
        shutil.copy2(MATERIAL_FIXTURE, material_dir / "salvage_industrial.blend")
    
        command = _recipe_command(
            project_root=PROJECT_ROOT,
            structural_root=structural_root,
            props_root=props_root,
            asset_id="floor_1x1",
        )
        first = subprocess.run(command, capture_output=True, text=True, check=False, timeout=60)
>       assert first.returncode == 0, first.stdout + first.stderr
E       AssertionError: Blender 5.2.0 LTS (hash fbe6228777e7 built 2026-07-14 01:31:22)
E         ERROR: structural visual-fit HOLD: floor_1x1: legacy structural recipe has not been migrated to the shared visual dimensions; author a copied candidate master and use the guarded staged exporter
E         
E       assert 1 == 0
E        +  where 1 = CompletedProcess(args=['/opt/homebrew/bin/blender', '--background', '--factory-startup', '--python', '/Volumes/Untitle...been migrated to the shared visual dimensions; author a copied candidate master and use the guarded staged exporter\n').returncode

tests/test_focused_nine_blender_recipes.py:1043: AssertionError
____ test_blender_pressure_door_landmark_roles_are_distinct_and_idempotent _____

tmp_path = PosixPath('/Volumes/Untitled/SynapticSeaAssets/worktrees/room-kit-v2/artifacts/room_kit_v2/pipeline-update/tmp/pytest-of-christopherwilloughby/pytest-10/test_blender_pressure_door_lan0')

    def test_blender_pressure_door_landmark_roles_are_distinct_and_idempotent(tmp_path: Path) -> None:
        for fixture in (
            BLENDER,
            PRESSURE_SOURCE_FIXTURE,
            PRESSURE_CONTRACT_FIXTURE,
            PRESSURE_CANDIDATE_CONTRACT_FIXTURE,
            PRESSURE_GLB_FIXTURE,
            MATERIAL_FIXTURE,
        ):
            if not fixture.is_file():
                pytest.fail(f"fixture missing: {fixture}")
        pressure_fixture_bytes = PRESSURE_SOURCE_FIXTURE.read_bytes()
        pressure_contract_bytes = PRESSURE_CONTRACT_FIXTURE.read_bytes()
        pressure_glb_bytes = PRESSURE_GLB_FIXTURE.read_bytes()
        material_fixture_bytes = MATERIAL_FIXTURE.read_bytes()
    
        structural_root = tmp_path / "structural"
        source_dir = structural_root / "pressure_door_1x1"
        source_dir.mkdir(parents=True)
        source_blend = source_dir / "pressure_door_1x1.blend"
        shutil.copy2(PRESSURE_SOURCE_FIXTURE, source_blend)
        _prepare_material_free_source(source_blend)
        props_root = tmp_path / "props"
        props_root.mkdir()
        material_dir = tmp_path / "materials"
        material_dir.mkdir()
        shutil.copy2(MATERIAL_FIXTURE, material_dir / "salvage_industrial.blend")
    
        pressure_project = tmp_path / "pressure-project"
        pressure_contract = pressure_project / (
            "data/placement/contracts/structural/ship_structural_v0/pressure_door_1x1_contract.json"
        )
        pressure_glb = pressure_project / (
            "assets/_staging/focused_nine/structural/pressure_door_1x1/pressure_door_1x1.glb"
        )
        pressure_contract.parent.mkdir(parents=True)
        pressure_glb.parent.mkdir(parents=True)
        shutil.copy2(PRESSURE_CANDIDATE_CONTRACT_FIXTURE, pressure_contract)
        shutil.copy2(PRESSURE_GLB_FIXTURE, pressure_glb)
        prepare_pressure_source_expr = f"""
    import bpy
    bpy.ops.wm.open_mainfile(filepath={str(source_blend)!r})
    root = bpy.data.objects.get('ModuleRoot_doorway_frame_open_1x1')
    assert root is not None
    root.name = 'ModuleRoot_pressure_door_1x1'
    helpers = bpy.data.collections.get('AuthoringHelpers')
    assert helpers is not None
    legacy_rules = {{
        'intact': 'all pressure-door panels',
        'damaged': 'one cosmetic indicator panel omitted',
        'breached': 'central leaf omitted',
    }}
    for role, rule in legacy_rules.items():
        collection = bpy.data.collections.get('Export_' + role)
        if collection is None:
            collection = bpy.data.collections.new('Export_' + role)
            helpers.children.link(collection)
        collection['module_id'] = 'pressure_door_1x1'
        collection['variant_role'] = role
        collection['variant_visual_rule'] = rule
        collection['focused_nine_generated'] = True
        collection['focused_nine_asset_id'] = 'pressure_door_1x1'
    bpy.ops.wm.save_as_mainfile(filepath={str(source_blend)!r})
    """
        prepared = subprocess.run(
            [str(BLENDER), "--background", "--factory-startup", "--python-expr", prepare_pressure_source_expr],
            capture_output=True,
            text=True,
            check=False,
            timeout=60,
        )
        assert prepared.returncode == 0, prepared.stdout + prepared.stderr
    
        command = _recipe_command(
            project_root=pressure_project,
            structural_root=structural_root,
            props_root=props_root,
            asset_id="pressure_door_1x1",
        )
        first = subprocess.run(command, capture_output=True, text=True, check=False, timeout=60)
>       assert first.returncode == 0, first.stdout + first.stderr
E       AssertionError: Blender 5.2.0 LTS (hash fbe6228777e7 built 2026-07-14 01:31:22)
E         ERROR: structural visual-fit HOLD: pressure_door_1x1: unsupported geometry profile: pressure_door_1x1
E         
E       assert 1 == 0
E        +  where 1 = CompletedProcess(args=['/opt/homebrew/bin/blender', '--background', '--factory-startup', '--python', '/Volumes/Untitle...)\n', stderr='ERROR: structural visual-fit HOLD: pressure_door_1x1: unsupported geometry profile: pressure_door_1x1\n').returncode

tests/test_focused_nine_blender_recipes.py:1153: AssertionError
_ test_blender_actual_legacy_pressure_source_migrates_and_preserves_non_owned_nodes _

tmp_path = PosixPath('/Volumes/Untitled/SynapticSeaAssets/worktrees/room-kit-v2/artifacts/room_kit_v2/pipeline-update/tmp/pytest-of-christopherwilloughby/pytest-10/test_blender_actual_legacy_pre0')

    def test_blender_actual_legacy_pressure_source_migrates_and_preserves_non_owned_nodes(
        tmp_path: Path,
    ) -> None:
        for fixture in (
            BLENDER,
            PRESSURE_LEGACY_SOURCE_FIXTURE,
            PRESSURE_CANDIDATE_CONTRACT_FIXTURE,
            PRESSURE_GLB_FIXTURE,
            MATERIAL_FIXTURE,
        ):
            if not fixture.is_file():
                pytest.fail(f"fixture missing: {fixture}")
    
        structural_root = tmp_path / "structural"
        source_dir = structural_root / "pressure_door_1x1"
        source_dir.mkdir(parents=True)
        source_blend = source_dir / "pressure_door_1x1.blend"
        legacy_fixture_bytes = PRESSURE_LEGACY_SOURCE_FIXTURE.read_bytes()
        shutil.copy2(PRESSURE_LEGACY_SOURCE_FIXTURE, source_blend)
        _prepare_material_free_source(source_blend)
        props_root = tmp_path / "props"
        props_root.mkdir()
        material_dir = tmp_path / "materials"
        material_dir.mkdir()
        shutil.copy2(MATERIAL_FIXTURE, material_dir / "salvage_industrial.blend")
    
        pressure_project = tmp_path / "pressure-project"
        pressure_contract = pressure_project / (
            "data/placement/contracts/structural/ship_structural_v0/pressure_door_1x1_contract.json"
        )
        pressure_glb = pressure_project / (
            "assets/_staging/focused_nine/structural/pressure_door_1x1/pressure_door_1x1.glb"
        )
        pressure_contract.parent.mkdir(parents=True)
        pressure_glb.parent.mkdir(parents=True)
        shutil.copy2(PRESSURE_CANDIDATE_CONTRACT_FIXTURE, pressure_contract)
        shutil.copy2(PRESSURE_GLB_FIXTURE, pressure_glb)
    
        seed_expr = f"""
    import bpy
    bpy.ops.wm.open_mainfile(filepath={str(source_blend)!r})
    geometry = bpy.data.collections['Geometry']
    mesh = bpy.data.meshes.new('AuthoredLegacyPanelMesh')
    mesh.from_pydata([(0, 0, 0), (1, 0, 0), (0, 0, 1)], [], [(0, 1, 2)])
    authored = bpy.data.objects.new('AuthoredLegacyPanel', mesh)
    geometry.objects.link(authored)
    authored.location = (1.25, 2.5, 3.75)
    authored['authored_marker'] = 'preserve-byte-for-byte'
    bpy.ops.wm.save_as_mainfile(filepath={str(source_blend)!r})
    """
        seeded = subprocess.run(
            [str(BLENDER), "--background", "--factory-startup", "--python-expr", seed_expr],
            capture_output=True,
            text=True,
            check=False,
            timeout=60,
        )
        assert seeded.returncode == 0, seeded.stdout + seeded.stderr
    
        def snapshot() -> dict[str, Any]:
            expression = f"""
    import bpy
    import json
    bpy.ops.wm.open_mainfile(filepath={str(source_blend)!r})
    authored = bpy.data.objects['AuthoredLegacyPanel']
    mesh = authored.data
    helpers = {{
        role: bpy.data.collections['Export_' + role]
        for role in ('intact', 'damaged', 'breached')
    }}
    print('LEGACY_PRESSURE_PROOF ' + json.dumps({{
        'authored': {{
            'name': authored.name,
            'type': authored.type,
            'marker': authored.get('authored_marker'),
            'location': [round(float(value), 8) for value in authored.location],
            'collections': sorted(collection.name for collection in authored.users_collection),
            'vertices': [[round(float(value), 8) for value in vertex.co] for vertex in mesh.vertices],
            'polygons': [list(polygon.vertices) for polygon in mesh.polygons],
        }},
        'helpers': {{
            role: {{
                'keys': sorted(collection.keys()),
                'module_id': collection.get('module_id'),
                'variant_role': collection.get('variant_role'),
                'variant_visual_rule': collection.get('variant_visual_rule'),
                'variant_visibility_policy': collection.get('variant_visibility_policy'),
            }}
            for role, collection in helpers.items()
        }},
    }}, sort_keys=True))
    """
            result = subprocess.run(
                [str(BLENDER), "--background", "--factory-startup", "--python-expr", expression],
                capture_output=True,
                text=True,
                check=False,
                timeout=60,
            )
            assert result.returncode == 0, result.stdout + result.stderr
            line = next(
                line for line in result.stdout.splitlines()
                if line.startswith("LEGACY_PRESSURE_PROOF ")
            )
            return json.loads(line.removeprefix("LEGACY_PRESSURE_PROOF "))
    
        before = snapshot()
        legacy_rules = {
            "intact": "all pressure-door panels",
            "damaged": "one cosmetic indicator panel omitted",
            "breached": "central leaf omitted",
        }
        assert {
            role: helper["variant_visual_rule"]
            for role, helper in before["helpers"].items()
        } == legacy_rules
    
        result = _recipe_with_external_material_library(
            _recipe_command(
                project_root=pressure_project,
                structural_root=structural_root,
                props_root=props_root,
                asset_id="pressure_door_1x1",
            )
        )
>       assert result.returncode == 0, result.stdout + result.stderr
E       AssertionError: Blender 5.2.0 LTS (hash fbe6228777e7 built 2026-07-14 01:31:22)
E         ERROR: structural visual-fit HOLD: pressure_door_1x1: unsupported geometry profile: pressure_door_1x1
E         
E       assert 1 == 0
E        +  where 1 = CompletedProcess(args=['/opt/homebrew/bin/blender', '--background', '--factory-startup', '--python', '/Volumes/Untitle...)\n', stderr='ERROR: structural visual-fit HOLD: pressure_door_1x1: unsupported geometry profile: pressure_door_1x1\n').returncode

tests/test_focused_nine_blender_recipes.py:1405: AssertionError
__________ test_blender_floor_recipe_is_idempotent_and_source_scoped ___________

tmp_path = PosixPath('/Volumes/Untitled/SynapticSeaAssets/worktrees/room-kit-v2/artifacts/room_kit_v2/pipeline-update/tmp/pytest-of-christopherwilloughby/pytest-10/test_blender_floor_recipe_is_i0')

    def test_blender_floor_recipe_is_idempotent_and_source_scoped(tmp_path: Path) -> None:
        if not BLENDER.is_file():
            pytest.fail(f"Blender 5.2 executable missing: {BLENDER}")
        if not SOURCE_FIXTURE.is_file():
            pytest.fail(f"source fixture missing: {SOURCE_FIXTURE}")
        if not MATERIAL_FIXTURE.is_file():
            pytest.fail(f"material fixture missing: {MATERIAL_FIXTURE}")
        source_fixture_bytes = SOURCE_FIXTURE.read_bytes()
    
        structural_root = tmp_path / "structural"
        source_dir = structural_root / "floor_1x1"
        source_dir.mkdir(parents=True)
        source_blend = source_dir / "floor_1x1.blend"
        shutil.copy2(SOURCE_FIXTURE, source_blend)
        _prepare_material_free_source(source_blend)
        material_dir = structural_root.parent / "materials"
        material_dir.mkdir(parents=True)
        shutil.copy2(MATERIAL_FIXTURE, material_dir / "salvage_industrial.blend")
        props_root = tmp_path / "props"
        props_root.mkdir()
    
        seed_expr = (
            "import bpy; "
            f"bpy.ops.wm.open_mainfile(filepath={str(source_blend)!r}); "
            "geometry=bpy.data.collections.get('Geometry') or bpy.data.collections.new('Geometry'); "
            "bpy.context.scene.collection.children.link(geometry) if geometry.name not in {child.name for child in bpy.context.scene.collection.children} else None; "
            "authored=bpy.data.objects.new('FocusedNine_floor_1x1_authored_panel', None); geometry.objects.link(authored); "
            "authored['authored_marker']='preserve'; "
            "stale=bpy.data.objects.new('FocusedNine_floor_1x1_stale_generated', None); geometry.objects.link(stale); "
            "stale['focused_nine_generated']=True; stale['focused_nine_asset_id']='floor_1x1'; "
            f"bpy.ops.wm.save_as_mainfile(filepath={str(source_blend)!r})"
        )
        prepared = subprocess.run(
            [str(BLENDER), "--background", "--factory-startup", "--python-expr", seed_expr],
            capture_output=True,
            text=True,
            check=False,
            timeout=60,
        )
        assert prepared.returncode == 0, prepared.stdout + prepared.stderr
    
        command = [
            str(BLENDER),
            "--background",
            "--factory-startup",
            "--python",
            str(PROJECT_ROOT / "tools/focused_nine_blender_recipes.py"),
            "--",
            "--project-root",
            str(PROJECT_ROOT),
            "--structural-source-root",
            str(structural_root),
            "--props-source-root",
            str(props_root),
            "--asset-id",
            "floor_1x1",
            "--overwrite-generated-only",
        ]
        first = subprocess.run(command, capture_output=True, text=True, check=False, timeout=60)
>       assert first.returncode == 0, first.stdout + first.stderr
E       AssertionError: Blender 5.2.0 LTS (hash fbe6228777e7 built 2026-07-14 01:31:22)
E         ERROR: structural visual-fit HOLD: floor_1x1: legacy structural recipe has not been migrated to the shared visual dimensions; author a copied candidate master and use the guarded staged exporter
E         
E       assert 1 == 0
E        +  where 1 = CompletedProcess(args=['/opt/homebrew/bin/blender', '--background', '--factory-startup', '--python', '/Volumes/Untitle...been migrated to the shared visual dimensions; author a copied candidate master and use the guarded staged exporter\n').returncode

tests/test_focused_nine_blender_recipes.py:1559: AssertionError
_______ test_blender_compatibility_wrapper_normalizes_blender_arguments ________

tmp_path = PosixPath('/Volumes/Untitled/SynapticSeaAssets/worktrees/room-kit-v2/artifacts/room_kit_v2/pipeline-update/tmp/pytest-of-christopherwilloughby/pytest-10/test_blender_compatibility_wra0')

    def test_blender_compatibility_wrapper_normalizes_blender_arguments(tmp_path: Path) -> None:
        if not BLENDER.is_file():
            pytest.fail(f"Blender 5.2 executable missing: {BLENDER}")
        if not SOURCE_FIXTURE.is_file():
            pytest.fail(f"source fixture missing: {SOURCE_FIXTURE}")
        if not MATERIAL_FIXTURE.is_file():
            pytest.fail(f"material fixture missing: {MATERIAL_FIXTURE}")
        if not CONTRACT_FIXTURE.is_file():
            pytest.fail(f"contract fixture missing: {CONTRACT_FIXTURE}")
        if not SOURCE_GLB_FIXTURE.is_file():
            pytest.fail(f"source GLB fixture missing: {SOURCE_GLB_FIXTURE}")
    
        project_root = tmp_path / "project"
        contract_copy = project_root / (
            "data/placement/contracts/structural/ship_structural_v0/floor_1x1_contract.json"
        )
        glb_copy = project_root / (
            "assets/imported/structural/ship_structural_v0/floor_1x1/floor_1x1.glb"
        )
        contract_copy.parent.mkdir(parents=True)
        glb_copy.parent.mkdir(parents=True)
        shutil.copy2(CONTRACT_FIXTURE, contract_copy)
        shutil.copy2(SOURCE_GLB_FIXTURE, glb_copy)
        contract_fixture_bytes = CONTRACT_FIXTURE.read_bytes()
        source_glb_fixture_bytes = SOURCE_GLB_FIXTURE.read_bytes()
    
        structural_root = tmp_path / "structural"
        source_dir = structural_root / "floor_1x1"
        source_dir.mkdir(parents=True)
        source_blend = source_dir / "floor_1x1.blend"
        shutil.copy2(SOURCE_FIXTURE, source_blend)
        _prepare_material_free_source(source_blend)
        material_dir = tmp_path / "materials"
        material_dir.mkdir()
        material_copy = material_dir / "salvage_industrial.blend"
        shutil.copy2(MATERIAL_FIXTURE, material_copy)
    
        source_fixture_bytes = SOURCE_FIXTURE.read_bytes()
        material_fixture_bytes = MATERIAL_FIXTURE.read_bytes()
        command = [
            str(BLENDER),
            "--background",
            "--factory-startup",
            "--python",
            str(PROJECT_ROOT / "tools/improve_floor_geometry.py"),
            "--",
            "--project-root",
            str(project_root),
            "--source-root",
            str(structural_root),
            "--module",
            "floor_1x1",
            "--overwrite",
        ]
        result = subprocess.run(command, capture_output=True, text=True, check=False, timeout=60)
    
>       assert result.returncode == 0, result.stdout + result.stderr
E       AssertionError: Blender 5.2.0 LTS (hash fbe6228777e7 built 2026-07-14 01:31:22)
E         ERROR: structural visual-fit HOLD: floor_1x1: legacy structural recipe has not been migrated to the shared visual dimensions; author a copied candidate master and use the guarded staged exporter
E         
E       assert 1 == 0
E        +  where 1 = CompletedProcess(args=['/opt/homebrew/bin/blender', '--background', '--factory-startup', '--python', '/Volumes/Untitle...been migrated to the shared visual dimensions; author a copied candidate master and use the guarded staged exporter\n').returncode

tests/test_focused_nine_blender_recipes.py:1666: AssertionError
_______ test_blender_under_budget_recipes_meet_gameplay_evidence_minima ________

tmp_path = PosixPath('/Volumes/Untitled/SynapticSeaAssets/worktrees/room-kit-v2/artifacts/room_kit_v2/pipeline-update/tmp/pytest-of-christopherwilloughby/pytest-10/test_blender_under_budget_reci0')

    def test_blender_under_budget_recipes_meet_gameplay_evidence_minima(tmp_path: Path) -> None:
        from tools import focused_nine_evidence
    
        for fixture in (BLENDER, MATERIAL_FIXTURE, *(item[1] for item in UNDER_BUDGET_FIXTURES.values())):
            if not fixture.is_file():
                pytest.fail(f"fixture missing: {fixture}")
    
        structural_root = tmp_path / "structural"
        props_root = tmp_path / "props"
        material_dir = tmp_path / "materials"
        props_root.mkdir(parents=True)
        material_dir.mkdir(parents=True)
        shutil.copy2(MATERIAL_FIXTURE, material_dir / "salvage_industrial.blend")
        fixture_bytes = {asset_id: fixture.read_bytes() for asset_id, (_, fixture, _) in UNDER_BUDGET_FIXTURES.items()}
    
        measured: dict[str, int] = {}
        for asset_id, (kind, fixture, minimum) in UNDER_BUDGET_FIXTURES.items():
            if kind == "structural":
                source_dir = structural_root / asset_id
                source_dir.mkdir(parents=True)
                source = source_dir / f"{asset_id}.blend"
            else:
                props_root.mkdir(parents=True, exist_ok=True)
                source = props_root / f"{asset_id}.blend"
            shutil.copy2(fixture, source)
            _prepare_material_free_source(source)
    
            command = _recipe_command(
                project_root=PROJECT_ROOT,
                structural_root=structural_root,
                props_root=props_root,
                asset_id=asset_id,
            )
            recipe = subprocess.run(command, capture_output=True, text=True, check=False, timeout=60)
>           assert recipe.returncode == 0, recipe.stdout + recipe.stderr
E           AssertionError: Blender 5.2.0 LTS (hash fbe6228777e7 built 2026-07-14 01:31:22)
E             ERROR: structural visual-fit HOLD: wall_straight_1x1: legacy structural recipe has not been migrated to the shared visual dimensions; author a copied candidate master and use the guarded staged exporter
E             
E           assert 1 == 0
E            +  where 1 = CompletedProcess(args=['/opt/homebrew/bin/blender', '--background', '--factory-startup', '--python', '/Volumes/Untitle...been migrated to the shared visual dimensions; author a copied candidate master and use the guarded staged exporter\n').returncode

tests/test_focused_nine_blender_recipes.py:1822: AssertionError
_ test_salvage_detail_recipes_are_named_canonical_and_contract_preserving[floor_1x1] _

tmp_path = PosixPath('/Volumes/Untitled/SynapticSeaAssets/worktrees/room-kit-v2/artifacts/room_kit_v2/pipeline-update/tmp/pytest-of-christopherwilloughby/pytest-10/test_salvage_detail_recipes_ar0')
asset_id = 'floor_1x1'

    @pytest.mark.parametrize("asset_id", tuple(SALVAGE_DETAIL_FIXTURES))
    def test_salvage_detail_recipes_are_named_canonical_and_contract_preserving(
        tmp_path: Path, asset_id: str
    ) -> None:
        from tools.focused_nine_blender_recipes import REQUIRED_MATERIAL_NAMES
    
        for fixture in (BLENDER, MATERIAL_FIXTURE, SALVAGE_DETAIL_FIXTURES[asset_id]):
            if not fixture.is_file():
                pytest.fail(f"fixture missing: {fixture}")
    
        structural_root = tmp_path / "structural"
        source_dir = structural_root / asset_id
        source_dir.mkdir(parents=True)
        source = source_dir / f"{asset_id}.blend"
        shutil.copy2(SALVAGE_DETAIL_FIXTURES[asset_id], source)
        _prepare_material_free_source(source)
        props_root = tmp_path / "props"
        props_root.mkdir()
        material_dir = tmp_path / "materials"
        material_dir.mkdir()
        shutil.copy2(MATERIAL_FIXTURE, material_dir / "salvage_industrial.blend")
        before_identity = _structural_contract_identity(source, asset_id)
    
        command = _recipe_command(
            project_root=PROJECT_ROOT,
            structural_root=structural_root,
            props_root=props_root,
            asset_id=asset_id,
        )
        first = subprocess.run(command, capture_output=True, text=True, check=False, timeout=60)
>       assert first.returncode == 0, first.stdout + first.stderr
E       AssertionError: Blender 5.2.0 LTS (hash fbe6228777e7 built 2026-07-14 01:31:22)
E         ERROR: structural visual-fit HOLD: floor_1x1: legacy structural recipe has not been migrated to the shared visual dimensions; author a copied candidate master and use the guarded staged exporter
E         
E       assert 1 == 0
E        +  where 1 = CompletedProcess(args=['/opt/homebrew/bin/blender', '--background', '--factory-startup', '--python', '/Volumes/Untitle...been migrated to the shared visual dimensions; author a copied candidate master and use the guarded staged exporter\n').returncode

tests/test_focused_nine_blender_recipes.py:1946: AssertionError
_ test_salvage_detail_recipes_are_named_canonical_and_contract_preserving[wall_straight_1x1] _

tmp_path = PosixPath('/Volumes/Untitled/SynapticSeaAssets/worktrees/room-kit-v2/artifacts/room_kit_v2/pipeline-update/tmp/pytest-of-christopherwilloughby/pytest-10/test_salvage_detail_recipes_ar1')
asset_id = 'wall_straight_1x1'

    @pytest.mark.parametrize("asset_id", tuple(SALVAGE_DETAIL_FIXTURES))
    def test_salvage_detail_recipes_are_named_canonical_and_contract_preserving(
        tmp_path: Path, asset_id: str
    ) -> None:
        from tools.focused_nine_blender_recipes import REQUIRED_MATERIAL_NAMES
    
        for fixture in (BLENDER, MATERIAL_FIXTURE, SALVAGE_DETAIL_FIXTURES[asset_id]):
            if not fixture.is_file():
                pytest.fail(f"fixture missing: {fixture}")
    
        structural_root = tmp_path / "structural"
        source_dir = structural_root / asset_id
        source_dir.mkdir(parents=True)
        source = source_dir / f"{asset_id}.blend"
        shutil.copy2(SALVAGE_DETAIL_FIXTURES[asset_id], source)
        _prepare_material_free_source(source)
        props_root = tmp_path / "props"
        props_root.mkdir()
        material_dir = tmp_path / "materials"
        material_dir.mkdir()
        shutil.copy2(MATERIAL_FIXTURE, material_dir / "salvage_industrial.blend")
        before_identity = _structural_contract_identity(source, asset_id)
    
        command = _recipe_command(
            project_root=PROJECT_ROOT,
            structural_root=structural_root,
            props_root=props_root,
            asset_id=asset_id,
        )
        first = subprocess.run(command, capture_output=True, text=True, check=False, timeout=60)
>       assert first.returncode == 0, first.stdout + first.stderr
E       AssertionError: Blender 5.2.0 LTS (hash fbe6228777e7 built 2026-07-14 01:31:22)
E         ERROR: structural visual-fit HOLD: wall_straight_1x1: legacy structural recipe has not been migrated to the shared visual dimensions; author a copied candidate master and use the guarded staged exporter
E         
E       assert 1 == 0
E        +  where 1 = CompletedProcess(args=['/opt/homebrew/bin/blender', '--background', '--factory-startup', '--python', '/Volumes/Untitle...been migrated to the shared visual dimensions; author a copied candidate master and use the guarded staged exporter\n').returncode

tests/test_focused_nine_blender_recipes.py:1946: AssertionError
_ test_salvage_detail_recipes_are_named_canonical_and_contract_preserving[ramp_up_1x2] _

tmp_path = PosixPath('/Volumes/Untitled/SynapticSeaAssets/worktrees/room-kit-v2/artifacts/room_kit_v2/pipeline-update/tmp/pytest-of-christopherwilloughby/pytest-10/test_salvage_detail_recipes_ar2')
asset_id = 'ramp_up_1x2'

    @pytest.mark.parametrize("asset_id", tuple(SALVAGE_DETAIL_FIXTURES))
    def test_salvage_detail_recipes_are_named_canonical_and_contract_preserving(
        tmp_path: Path, asset_id: str
    ) -> None:
        from tools.focused_nine_blender_recipes import REQUIRED_MATERIAL_NAMES
    
        for fixture in (BLENDER, MATERIAL_FIXTURE, SALVAGE_DETAIL_FIXTURES[asset_id]):
            if not fixture.is_file():
                pytest.fail(f"fixture missing: {fixture}")
    
        structural_root = tmp_path / "structural"
        source_dir = structural_root / asset_id
        source_dir.mkdir(parents=True)
        source = source_dir / f"{asset_id}.blend"
        shutil.copy2(SALVAGE_DETAIL_FIXTURES[asset_id], source)
        _prepare_material_free_source(source)
        props_root = tmp_path / "props"
        props_root.mkdir()
        material_dir = tmp_path / "materials"
        material_dir.mkdir()
        shutil.copy2(MATERIAL_FIXTURE, material_dir / "salvage_industrial.blend")
        before_identity = _structural_contract_identity(source, asset_id)
    
        command = _recipe_command(
            project_root=PROJECT_ROOT,
            structural_root=structural_root,
            props_root=props_root,
            asset_id=asset_id,
        )
        first = subprocess.run(command, capture_output=True, text=True, check=False, timeout=60)
>       assert first.returncode == 0, first.stdout + first.stderr
E       AssertionError: Blender 5.2.0 LTS (hash fbe6228777e7 built 2026-07-14 01:31:22)
E         ERROR: structural visual-fit HOLD: ramp_up_1x2: unsupported geometry profile: ramp_up_1x2
E         
E       assert 1 == 0
E        +  where 1 = CompletedProcess(args=['/opt/homebrew/bin/blender', '--background', '--factory-startup', '--python', '/Volumes/Untitle...-14 01:31:22)\n', stderr='ERROR: structural visual-fit HOLD: ramp_up_1x2: unsupported geometry profile: ramp_up_1x2\n').returncode

tests/test_focused_nine_blender_recipes.py:1946: AssertionError
_ test_salvage_detail_recipes_are_named_canonical_and_contract_preserving[pillar_support_1x1] _

tmp_path = PosixPath('/Volumes/Untitled/SynapticSeaAssets/worktrees/room-kit-v2/artifacts/room_kit_v2/pipeline-update/tmp/pytest-of-christopherwilloughby/pytest-10/test_salvage_detail_recipes_ar3')
asset_id = 'pillar_support_1x1'

    @pytest.mark.parametrize("asset_id", tuple(SALVAGE_DETAIL_FIXTURES))
    def test_salvage_detail_recipes_are_named_canonical_and_contract_preserving(
        tmp_path: Path, asset_id: str
    ) -> None:
        from tools.focused_nine_blender_recipes import REQUIRED_MATERIAL_NAMES
    
        for fixture in (BLENDER, MATERIAL_FIXTURE, SALVAGE_DETAIL_FIXTURES[asset_id]):
            if not fixture.is_file():
                pytest.fail(f"fixture missing: {fixture}")
    
        structural_root = tmp_path / "structural"
        source_dir = structural_root / asset_id
        source_dir.mkdir(parents=True)
        source = source_dir / f"{asset_id}.blend"
        shutil.copy2(SALVAGE_DETAIL_FIXTURES[asset_id], source)
        _prepare_material_free_source(source)
        props_root = tmp_path / "props"
        props_root.mkdir()
        material_dir = tmp_path / "materials"
        material_dir.mkdir()
        shutil.copy2(MATERIAL_FIXTURE, material_dir / "salvage_industrial.blend")
        before_identity = _structural_contract_identity(source, asset_id)
    
        command = _recipe_command(
            project_root=PROJECT_ROOT,
            structural_root=structural_root,
            props_root=props_root,
            asset_id=asset_id,
        )
        first = subprocess.run(command, capture_output=True, text=True, check=False, timeout=60)
>       assert first.returncode == 0, first.stdout + first.stderr
E       AssertionError: Blender 5.2.0 LTS (hash fbe6228777e7 built 2026-07-14 01:31:22)
E         ERROR: structural visual-fit HOLD: pillar_support_1x1: legacy structural recipe has not been migrated to the shared visual dimensions; author a copied candidate master and use the guarded staged exporter
E         
E       assert 1 == 0
E        +  where 1 = CompletedProcess(args=['/opt/homebrew/bin/blender', '--background', '--factory-startup', '--python', '/Volumes/Untitle...been migrated to the shared visual dimensions; author a copied candidate master and use the guarded staged exporter\n').returncode

tests/test_focused_nine_blender_recipes.py:1946: AssertionError
_ test_salvage_detail_recipes_are_named_canonical_and_contract_preserving[ceiling_cap_1x1] _

tmp_path = PosixPath('/Volumes/Untitled/SynapticSeaAssets/worktrees/room-kit-v2/artifacts/room_kit_v2/pipeline-update/tmp/pytest-of-christopherwilloughby/pytest-10/test_salvage_detail_recipes_ar4')
asset_id = 'ceiling_cap_1x1'

    @pytest.mark.parametrize("asset_id", tuple(SALVAGE_DETAIL_FIXTURES))
    def test_salvage_detail_recipes_are_named_canonical_and_contract_preserving(
        tmp_path: Path, asset_id: str
    ) -> None:
        from tools.focused_nine_blender_recipes import REQUIRED_MATERIAL_NAMES
    
        for fixture in (BLENDER, MATERIAL_FIXTURE, SALVAGE_DETAIL_FIXTURES[asset_id]):
            if not fixture.is_file():
                pytest.fail(f"fixture missing: {fixture}")
    
        structural_root = tmp_path / "structural"
        source_dir = structural_root / asset_id
        source_dir.mkdir(parents=True)
        source = source_dir / f"{asset_id}.blend"
        shutil.copy2(SALVAGE_DETAIL_FIXTURES[asset_id], source)
        _prepare_material_free_source(source)
        props_root = tmp_path / "props"
        props_root.mkdir()
        material_dir = tmp_path / "materials"
        material_dir.mkdir()
        shutil.copy2(MATERIAL_FIXTURE, material_dir / "salvage_industrial.blend")
        before_identity = _structural_contract_identity(source, asset_id)
    
        command = _recipe_command(
            project_root=PROJECT_ROOT,
            structural_root=structural_root,
            props_root=props_root,
            asset_id=asset_id,
        )
        first = subprocess.run(command, capture_output=True, text=True, check=False, timeout=60)
>       assert first.returncode == 0, first.stdout + first.stderr
E       AssertionError: Blender 5.2.0 LTS (hash fbe6228777e7 built 2026-07-14 01:31:22)
E         ERROR: structural visual-fit HOLD: ceiling_cap_1x1: unsupported geometry profile: ceiling_cap_1x1
E         
E       assert 1 == 0
E        +  where 1 = CompletedProcess(args=['/opt/homebrew/bin/blender', '--background', '--factory-startup', '--python', '/Volumes/Untitle...1:22)\n', stderr='ERROR: structural visual-fit HOLD: ceiling_cap_1x1: unsupported geometry profile: ceiling_cap_1x1\n').returncode

tests/test_focused_nine_blender_recipes.py:1946: AssertionError
___ test_blender_authored_generated_name_collision_fails_without_coownership ___

tmp_path = PosixPath('/Volumes/Untitled/SynapticSeaAssets/worktrees/room-kit-v2/artifacts/room_kit_v2/pipeline-update/tmp/pytest-of-christopherwilloughby/pytest-10/test_blender_authored_generate0')

    def test_blender_authored_generated_name_collision_fails_without_coownership(
        tmp_path: Path,
    ) -> None:
        for fixture in (BLENDER, SOURCE_FIXTURE, MATERIAL_FIXTURE):
            if not fixture.is_file():
                pytest.fail(f"fixture missing: {fixture}")
    
        structural_root = tmp_path / "structural"
        source_dir = structural_root / "floor_1x1"
        source_dir.mkdir(parents=True)
        source_blend = source_dir / "floor_1x1.blend"
        shutil.copy2(SOURCE_FIXTURE, source_blend)
        _prepare_material_free_source(source_blend)
        props_root = tmp_path / "props"
        props_root.mkdir()
        material_dir = tmp_path / "materials"
        material_dir.mkdir()
        shutil.copy2(MATERIAL_FIXTURE, material_dir / "salvage_industrial.blend")
    
        seed_expr = (
            "import bpy; "
            f"bpy.ops.wm.open_mainfile(filepath={str(source_blend)!r}); "
            "geometry=bpy.data.collections.get('Geometry') or bpy.data.collections.new('Geometry'); "
            "bpy.context.scene.collection.children.link(geometry) if geometry.name not in {child.name for child in bpy.context.scene.collection.children} else None; "
            "existing=bpy.data.objects.get('FocusedNine_floor_1x1_floor_panel'); bpy.data.objects.remove(existing, do_unlink=True) if existing else None; "
            "authored=bpy.data.objects.new('FocusedNine_floor_1x1_floor_panel', None); geometry.objects.link(authored); "
            "authored['authored_marker']='preserve'; "
            f"result=bpy.ops.wm.save_as_mainfile(filepath={str(source_blend)!r}); assert 'FINISHED' in result"
        )
        seeded = subprocess.run(
            [str(BLENDER), "--background", "--factory-startup", "--python-expr", seed_expr],
            capture_output=True,
            text=True,
            check=False,
            timeout=60,
        )
        assert seeded.returncode == 0, seeded.stdout + seeded.stderr
        before = source_blend.read_bytes()
    
        result = _recipe_with_external_material_library(
            _recipe_command(
                project_root=PROJECT_ROOT,
                structural_root=structural_root,
                props_root=props_root,
                asset_id="floor_1x1",
            )
        )
        assert result.returncode == 1, result.stdout + result.stderr
>       assert "generated object name" in result.stdout + result.stderr
E       AssertionError: assert 'generated object name' in ('Blender 5.2.0 LTS (hash fbe6228777e7 built 2026-07-14 01:31:22)\n' + 'ERROR: structural visual-fit HOLD: floor_1x1: legacy structural recipe has not been migrated to the shared visual dimensions; author a copied candidate master and use the guarded staged exporter\n')
E        +  where 'Blender 5.2.0 LTS (hash fbe6228777e7 built 2026-07-14 01:31:22)\n' = CompletedProcess(args=['/opt/homebrew/bin/blender', '--background', '--factory-startup', '--python', '/Volumes/Untitle...been migrated to the shared visual dimensions; author a copied candidate master and use the guarded staged exporter\n').stdout
E        +  and   'ERROR: structural visual-fit HOLD: floor_1x1: legacy structural recipe has not been migrated to the shared visual dimensions; author a copied candidate master and use the guarded staged exporter\n' = CompletedProcess(args=['/opt/homebrew/bin/blender', '--background', '--factory-startup', '--python', '/Volumes/Untitle...been migrated to the shared visual dimensions; author a copied candidate master and use the guarded staged exporter\n').stderr

tests/test_focused_nine_blender_recipes.py:2043: AssertionError
_________ test_blender_pillar_details_overlap_body_by_real_world_aabb __________

tmp_path = PosixPath('/Volumes/Untitled/SynapticSeaAssets/worktrees/room-kit-v2/artifacts/room_kit_v2/pipeline-update/tmp/pytest-of-christopherwilloughby/pytest-10/test_blender_pillar_details_ov0')

    def test_blender_pillar_details_overlap_body_by_real_world_aabb(tmp_path: Path) -> None:
        fixture = SALVAGE_DETAIL_FIXTURES["pillar_support_1x1"]
        for candidate in (BLENDER, fixture, MATERIAL_FIXTURE):
            if not candidate.is_file():
                pytest.fail(f"fixture missing: {candidate}")
    
        structural_root = tmp_path / "structural"
        source_dir = structural_root / "pillar_support_1x1"
        source_dir.mkdir(parents=True)
        source = source_dir / "pillar_support_1x1.blend"
        shutil.copy2(fixture, source)
        _prepare_material_free_source(source)
        props_root = tmp_path / "props"
        props_root.mkdir()
        material_dir = tmp_path / "materials"
        material_dir.mkdir()
        shutil.copy2(MATERIAL_FIXTURE, material_dir / "salvage_industrial.blend")
    
        result = _recipe_with_external_material_library(
            _recipe_command(
                project_root=PROJECT_ROOT,
                structural_root=structural_root,
                props_root=props_root,
                asset_id="pillar_support_1x1",
            )
        )
>       assert result.returncode == 0, result.stdout + result.stderr
E       AssertionError: Blender 5.2.0 LTS (hash fbe6228777e7 built 2026-07-14 01:31:22)
E         ERROR: structural visual-fit HOLD: pillar_support_1x1: legacy structural recipe has not been migrated to the shared visual dimensions; author a copied candidate master and use the guarded staged exporter
E         
E       assert 1 == 0
E        +  where 1 = CompletedProcess(args=['/opt/homebrew/bin/blender', '--background', '--factory-startup', '--python', '/Volumes/Untitle...been migrated to the shared visual dimensions; author a copied candidate master and use the guarded staged exporter\n').returncode

tests/test_focused_nine_blender_recipes.py:2096: AssertionError
______ test_blender_wall_frame_is_four_rails_without_panel_face_occlusion ______

tmp_path = PosixPath('/Volumes/Untitled/SynapticSeaAssets/worktrees/room-kit-v2/artifacts/room_kit_v2/pipeline-update/tmp/pytest-of-christopherwilloughby/pytest-10/test_blender_wall_frame_is_fou0')

    def test_blender_wall_frame_is_four_rails_without_panel_face_occlusion(
        tmp_path: Path,
    ) -> None:
        fixture = SALVAGE_DETAIL_FIXTURES["wall_straight_1x1"]
        for candidate in (BLENDER, fixture, MATERIAL_FIXTURE):
            if not candidate.is_file():
                pytest.fail(f"fixture missing: {candidate}")
    
        structural_root = tmp_path / "structural"
        source_dir = structural_root / "wall_straight_1x1"
        source_dir.mkdir(parents=True)
        source = source_dir / "wall_straight_1x1.blend"
        shutil.copy2(fixture, source)
        _prepare_material_free_source(source)
        props_root = tmp_path / "props"
        props_root.mkdir()
        material_dir = tmp_path / "materials"
        material_dir.mkdir()
        shutil.copy2(MATERIAL_FIXTURE, material_dir / "salvage_industrial.blend")
    
        result = _recipe_with_external_material_library(
            _recipe_command(
                project_root=PROJECT_ROOT,
                structural_root=structural_root,
                props_root=props_root,
                asset_id="wall_straight_1x1",
            )
        )
>       assert result.returncode == 0, result.stdout + result.stderr
E       AssertionError: Blender 5.2.0 LTS (hash fbe6228777e7 built 2026-07-14 01:31:22)
E         ERROR: structural visual-fit HOLD: wall_straight_1x1: legacy structural recipe has not been migrated to the shared visual dimensions; author a copied candidate master and use the guarded staged exporter
E         
E       assert 1 == 0
E        +  where 1 = CompletedProcess(args=['/opt/homebrew/bin/blender', '--background', '--factory-startup', '--python', '/Volumes/Untitle...been migrated to the shared visual dimensions; author a copied candidate master and use the guarded staged exporter\n').returncode

tests/test_focused_nine_blender_recipes.py:2160: AssertionError
_ test_landmark_recipes_emit_deterministic_role_inventories_and_canonical_materials[doorway_frame_open_1x1-fixture0-structural-tokens0] _

tmp_path = PosixPath('/Volumes/Untitled/SynapticSeaAssets/worktrees/room-kit-v2/artifacts/room_kit_v2/pipeline-update/tmp/pytest-of-christopherwilloughby/pytest-10/test_landmark_recipes_emit_det0')
asset_id = 'doorway_frame_open_1x1'
fixture = PosixPath('/Volumes/Untitled/SynapticSeaAssets/meshes/source/ship_structural_v0/doorway_frame_open_1x1/doorway_frame_open_1x1.blend')
kind = 'structural'
tokens = ('frame_inner_left', 'frame_inner_right', 'mechanical_rail_left', 'mechanical_rail_right', 'seal_left', 'seal_right', ...)

    @pytest.mark.parametrize(
        ("asset_id", "fixture", "kind", "tokens"),
        [
            (
                "doorway_frame_open_1x1",
                Path(
                    "/Volumes/Untitled/SynapticSeaAssets/meshes/source/ship_structural_v0/"
                    "doorway_frame_open_1x1/doorway_frame_open_1x1.blend"
                ),
                "structural",
                (
                    "frame_inner_left",
                    "frame_inner_right",
                    "mechanical_rail_left",
                    "mechanical_rail_right",
                    "seal_left",
                    "seal_right",
                    "threshold_rail",
                    "threshold_seal",
                ),
            ),
            (
                "hull_breach_seal_point",
                Path(
                    "/Volumes/Untitled/SynapticSeaAssets/meshes/source/props/"
                    "hull_breach_seal_point.blend"
                ),
                "prop",
                ("mounting_plate", "hose", "cable", "status"),
            ),
            (
                "fire_suppression_station",
                Path(
                    "/Volumes/Untitled/SynapticSeaAssets/meshes/source/props/"
                    "fire_suppression_station.blend"
                ),
                "prop",
                ("mounting_plate", "handle", "hose", "cable", "indicator"),
            ),
        ],
    )
    def test_landmark_recipes_emit_deterministic_role_inventories_and_canonical_materials(
        tmp_path: Path,
        asset_id: str,
        fixture: Path,
        kind: str,
        tokens: tuple[str, ...],
    ) -> None:
        for candidate in (BLENDER, fixture, MATERIAL_FIXTURE):
            if not candidate.is_file():
                pytest.fail(f"fixture missing: {candidate}")
    
        structural_root = tmp_path / "structural"
        props_root = tmp_path / "props"
        if kind == "structural":
            source_dir = structural_root / asset_id
            source_dir.mkdir(parents=True)
            source = source_dir / f"{asset_id}.blend"
        else:
            structural_root.mkdir(parents=True)
            props_root.mkdir(parents=True)
            source = props_root / f"{asset_id}.blend"
        shutil.copy2(fixture, source)
        _prepare_material_free_source(source)
        material_dir = tmp_path / "materials"
        material_dir.mkdir()
        shutil.copy2(MATERIAL_FIXTURE, material_dir / "salvage_industrial.blend")
    
        command = _recipe_command(
            project_root=PROJECT_ROOT,
            structural_root=structural_root,
            props_root=props_root,
            asset_id=asset_id,
        )
        first = _recipe_with_external_material_library(command)
        second = _recipe_with_external_material_library(command)
>       assert first.returncode == 0, first.stdout + first.stderr
E       AssertionError: Blender 5.2.0 LTS (hash fbe6228777e7 built 2026-07-14 01:31:22)
E         ERROR: structural visual-fit HOLD: doorway_frame_open_1x1: legacy structural recipe has not been migrated to the shared visual dimensions; author a copied candidate master and use the guarded staged exporter
E         
E       assert 1 == 0
E        +  where 1 = CompletedProcess(args=['/opt/homebrew/bin/blender', '--background', '--factory-startup', '--python', '/Volumes/Untitle...been migrated to the shared visual dimensions; author a copied candidate master and use the guarded staged exporter\n').returncode

tests/test_focused_nine_blender_recipes.py:2282: AssertionError
=========================== short test summary info ============================
FAILED tests/test_focused_nine_blender_recipes.py::test_blender_authored_material_collision_fails_before_mutation
FAILED tests/test_focused_nine_blender_recipes.py::test_blender_owned_suffixed_library_remnant_is_repaired_canonically
FAILED tests/test_focused_nine_blender_recipes.py::test_blender_verified_remnant_with_wrong_module_context_is_rejected
FAILED tests/test_focused_nine_blender_recipes.py::test_blender_owned_canonical_legacy_material_is_repaired_from_library
FAILED tests/test_focused_nine_blender_recipes.py::test_blender_floor_recipe_emits_exact_material_names_and_exports
FAILED tests/test_focused_nine_blender_recipes.py::test_blender_pressure_door_landmark_roles_are_distinct_and_idempotent
FAILED tests/test_focused_nine_blender_recipes.py::test_blender_actual_legacy_pressure_source_migrates_and_preserves_non_owned_nodes
FAILED tests/test_focused_nine_blender_recipes.py::test_blender_floor_recipe_is_idempotent_and_source_scoped
FAILED tests/test_focused_nine_blender_recipes.py::test_blender_compatibility_wrapper_normalizes_blender_arguments
FAILED tests/test_focused_nine_blender_recipes.py::test_blender_under_budget_recipes_meet_gameplay_evidence_minima
FAILED tests/test_focused_nine_blender_recipes.py::test_salvage_detail_recipes_are_named_canonical_and_contract_preserving[floor_1x1]
FAILED tests/test_focused_nine_blender_recipes.py::test_salvage_detail_recipes_are_named_canonical_and_contract_preserving[wall_straight_1x1]
FAILED tests/test_focused_nine_blender_recipes.py::test_salvage_detail_recipes_are_named_canonical_and_contract_preserving[ramp_up_1x2]
FAILED tests/test_focused_nine_blender_recipes.py::test_salvage_detail_recipes_are_named_canonical_and_contract_preserving[pillar_support_1x1]
FAILED tests/test_focused_nine_blender_recipes.py::test_salvage_detail_recipes_are_named_canonical_and_contract_preserving[ceiling_cap_1x1]
FAILED tests/test_focused_nine_blender_recipes.py::test_blender_authored_generated_name_collision_fails_without_coownership
FAILED tests/test_focused_nine_blender_recipes.py::test_blender_pillar_details_overlap_body_by_real_world_aabb
FAILED tests/test_focused_nine_blender_recipes.py::test_blender_wall_frame_is_four_rails_without_panel_face_occlusion
FAILED tests/test_focused_nine_blender_recipes.py::test_landmark_recipes_emit_deterministic_role_inventories_and_canonical_materials[doorway_frame_open_1x1-fixture0-structural-tokens0]
19 failed, 28 passed in 32.04s
