16:34:38 | INFO: Data are loaded, start creating Blender stuff
16:34:38 | INFO: Blender create Mesh node Cylinder.005
16:34:38 | INFO: Blender create Mesh node Cylinder.006
16:34:38 | INFO: Blender create Mesh node Cylinder.007
16:34:38 | INFO: Blender create Mesh node Cylinder.008
16:34:38 | INFO: Blender create Mesh node Cube.021
16:34:38 | INFO: Blender create Mesh node Collision_floor_1x1_Mesh
16:34:38 | INFO: Blender create Mesh node Cube.023
16:34:38 | INFO: Blender create Mesh node Cube.022
16:34:38 | INFO: Blender create Mesh node Cube.024
16:34:38 | INFO: Blender create Mesh node Cube.025
16:34:38 | INFO: Blender create Mesh node Cylinder.009
16:34:38 | INFO: Blender create Mesh node Cube.009
16:34:38 | INFO: Blender create Mesh node Cube.011
16:34:38 | INFO: Blender create Mesh node Cube.010
16:34:38 | INFO: Blender create Mesh node Cube.027
16:34:38 | INFO: Blender create Mesh node Cube.026
16:34:38 | INFO: Blender create Mesh node Cube.028
16:34:38 | INFO: Blender create Mesh node Cube.029
16:34:38 | INFO: Blender create Mesh node Cube.034
16:34:38 | INFO: Blender create Mesh node Cube.015
16:34:38 | INFO: Blender create Mesh node Cube.014
16:34:38 | INFO: Blender create Mesh node Cube.013
16:34:38 | INFO: Blender create Mesh node Cube.012
16:34:38 | INFO: glTF import finished in 0.01s
Blender 5.2.0 LTS (hash fbe6228777e7 built 2026-07-14 01:31:22)
{"coordinate_conversion": "Blender [x,y,z] -> native glTF/runtime [x,z,-y]", "errors": ["bounds max.y 0.3395 does not equal expected 0", "bounds min.y 0 does not equal expected -0.25", "floor back mating boundary/slab profile is incomplete", "floor front mating boundary/slab profile is incomplete", "floor has positive relief above walking datum", "floor left mating boundary/slab profile is incomplete", "floor right mating boundary/slab profile is incomplete"], "family": "floor", "glb": "/Volumes/Untitled/SynapticSeaAssets/worktrees/room-kit-v2/assets/imported/structural/ship_structural_v0/floor_1x1/floor_1x1.glb", "legacy_helper_conversion_not_used": "[x,z,y]", "measurements": {"bounds": {"max": [2.0, 0.3395000100135803, 2.0], "min": [-2.0, 0.0, -2.0]}, "helper_objects_rejected": false, "mesh_object_count": 23, "object_count": 23, "triangle_count": 740}, "module_id": "floor_1x1", "status": "fail"}
