Godot Engine v4.7.2.stable.mono.official.ed1daf0bf - https://godotengine.org

The Synaptic Sea coherent proof ship bootstrap loaded.
PLAYABLE SHIP READY player_spawned=true camera_spawned=true objectives=5 collision_shapes=112
ACHIEVEMENT UNLOCKED trigger=loot_searched target=start_supply_a id=first_loot
LOOT CONTAINER SEARCHED marker= container=start_supply_a granted=1
LOOT CONTAINER SEARCHED marker= container=start_supply_b granted=2
ACHIEVEMENT UNLOCKED trigger=repair_consumed target=propulsion.nav_linkage id=first_repair
REPAIR COMPLETED system=propulsion sub=nav_linkage operational=true
CRAFT STARTED station=workbench recipe=weld_plating
CRAFT STARTED station=workbench recipe=weld_plating
CRAFT COMPLETED item=plating qty=1 quality=good
CRAFT STARTED station=workbench recipe=craft_welder
CRAFT COMPLETED item=welder qty=1 quality=good
CRAFT STARTED station=fabricator recipe=craft_plasma_cutter
CRAFT COMPLETED item=plasma_cutter qty=1 quality=good
ERROR: FC P09 FAIL reason=cut_wall did not commit through the production transaction
   at: push_error (core/variant/variant_utility.cpp:1023)
   GDScript backtrace (most recent call first):
       [0] _fail (res://scripts/validation/fc_p09_smoke.gd:713)
       [1] _validate_timed_tool_work (res://scripts/validation/fc_p09_smoke.gd:422)
       [2] _validate_crafted_tool_consumers (res://scripts/validation/fc_p09_smoke.gd:347)
       [3] _validate (res://scripts/validation/fc_p09_smoke.gd:147)
       [4] _on_process_frame (res://scripts/validation/fc_p09_smoke.gd:39)
