13:02:10 | INFO: Data are loaded, start creating Blender stuff
13:02:10 | INFO: Blender create Mesh node Cube.006
13:02:10 | INFO: Blender create Mesh node Cube.007
13:02:10 | INFO: Blender create Mesh node Cube.003
13:02:10 | INFO: Blender create Mesh node Cube.004
13:02:10 | INFO: Blender create Mesh node Cube
13:02:10 | INFO: Blender create Mesh node Cube.001
13:02:10 | INFO: Blender create Mesh node Cube.028
13:02:10 | INFO: Blender create Mesh node Cube.029
13:02:10 | INFO: Blender create Mesh node Cube.030
13:02:10 | INFO: Blender create Mesh node Cube.031
13:02:10 | INFO: Blender create Mesh node Cube.032
13:02:10 | INFO: Blender create Mesh node Cube.033
13:02:10 | INFO: Blender create Mesh node Cube.002
13:02:10 | INFO: Blender create Mesh node Cube.034
13:02:10 | INFO: Blender create Mesh node Cube.035
13:02:10 | INFO: Blender create Mesh node Cube.008
13:02:10 | INFO: Blender create Mesh node Cube.009
13:02:10 | INFO: Blender create Mesh node Cube.010
13:02:10 | INFO: Blender create Mesh node Cube.011
13:02:10 | INFO: Blender create Mesh node Cube.005
13:02:10 | INFO: Blender create Mesh node Cube.012
13:02:10 | INFO: Blender create Mesh node Cube.013
13:02:10 | INFO: glTF import finished in 0.01s
ROOM_GLB_PROBE {"materials":["MAT_Conduit","MAT_PaintedAlloyGray","MAT_ReactorGlow","MAT_WarningStripe","Material"],"mesh_count":23,"operator_result":"{'FINISHED'}","path":"/Volumes/Untitled/SynapticSeaAssets/worktrees/room-kit-v2/assets/imported/structural/ship_structural_v0/doorway_frame_open_1x1/doorway_frame_open_1x1.glb","triangles":654}
Blender 5.2.0 LTS (hash fbe6228777e7 built 2026-07-14 01:31:22)

Blender quit
