13:02:11 | INFO: Data are loaded, start creating Blender stuff
13:02:11 | INFO: Blender create Mesh node Cube.001
13:02:11 | INFO: Blender create Mesh node Cube.009
13:02:11 | INFO: Blender create Mesh node Cube.010
13:02:11 | INFO: Blender create Mesh node Cube.011
13:02:11 | INFO: Blender create Mesh node Cube.012
13:02:11 | INFO: Blender create Mesh node Cube.002
13:02:11 | INFO: Blender create Mesh node Cube.026
13:02:11 | INFO: Blender create Mesh node Cube.027
13:02:11 | INFO: Blender create Mesh node Cube.028
13:02:11 | INFO: Blender create Mesh node Cube.029
13:02:11 | INFO: Blender create Mesh node Cylinder
13:02:11 | INFO: Blender create Mesh node Cube
13:02:11 | INFO: Blender create Mesh node Cube.007
13:02:11 | INFO: Blender create Mesh node Cube.008
13:02:11 | INFO: Blender create Mesh node Cube.003
13:02:11 | INFO: Blender create Mesh node Cube.004
13:02:11 | INFO: Blender create Mesh node Cube.005
13:02:11 | INFO: Blender create Mesh node Cube.006
13:02:11 | INFO: glTF import finished in 0.01s
ROOM_GLB_PROBE {"materials":["MAT_Conduit","MAT_PaintedAlloyGray","MAT_WarningStripe","Material"],"mesh_count":19,"operator_result":"{'FINISHED'}","path":"/Volumes/Untitled/SynapticSeaAssets/worktrees/room-kit-v2/assets/imported/structural/ship_structural_v0/pillar_support_1x1/pillar_support_1x1.glb","triangles":542}
Blender 5.2.0 LTS (hash fbe6228777e7 built 2026-07-14 01:31:22)

Blender quit
