Godot Engine v4.7.2.stable.mono.official.ed1daf0bf - https://godotengine.org

The Synaptic Sea coherent proof ship bootstrap loaded.
PLAYABLE SHIP READY player_spawned=true camera_spawned=true objectives=5 collision_shapes=112
ACHIEVEMENT UNLOCKED trigger=objective_completed target=objectives[0] id=objective_complete
SHIP SYSTEM UPDATED sequence=1 type=recover_supplies power=20 reactor=20 extraction=false route_opened=0 blockers=1
PLAYABLE INTERACTION interaction=objective:01:cargo_01:cargo_supply_cache objective=cargo_01:cargo_supply_cache sequence=1 type=recover_supplies room=cargo_01
PLAYABLE SHIP SAVED location= sequence=2
PLAYABLE SHIP READY player_spawned=true camera_spawned=true objectives=5 collision_shapes=112
PLAYABLE SHIP READY player_spawned=true camera_spawned=true objectives=5 collision_shapes=112
PLAYABLE SHIP LOADED sequence=2 position=(24.00,4.12,-4.00)
ERROR: Condition "!is_inside_tree()" is true. Returning: Transform3D()
   at: get_global_transform (scene/3d/node_3d.cpp:649)
   GDScript backtrace (most recent call first):
       [0] _validate (res://scripts/validation/main_playable_slice_save_load_smoke.gd:110)
       [1] _on_process_frame (res://scripts/validation/main_playable_slice_save_load_smoke.gd:47)
ERROR: MAIN PLAYABLE SAVE LOAD FAIL reason=loaded position distance=24.677406 > tolerance
   at: push_error (core/variant/variant_utility.cpp:1023)
   GDScript backtrace (most recent call first):
       [0] _fail (res://scripts/validation/main_playable_slice_save_load_smoke.gd:144)
       [1] _validate (res://scripts/validation/main_playable_slice_save_load_smoke.gd:112)
       [2] _on_process_frame (res://scripts/validation/main_playable_slice_save_load_smoke.gd:47)
