13:29:16 | INFO: Data are loaded, start creating Blender stuff
13:29:16 | INFO: Blender create Mesh node Cube.031
13:29:16 | INFO: Blender create Mesh node Cube.030
13:29:16 | INFO: Blender create Mesh node Cube.032
13:29:16 | INFO: Blender create Mesh node Cylinder.014
13:29:16 | INFO: Blender create Mesh node Cylinder.015
13:29:16 | INFO: Blender create Mesh node Cylinder.016
13:29:16 | INFO: Blender create Mesh node Cylinder.017
13:29:16 | INFO: Blender create Mesh node Cube.024
13:29:16 | INFO: Blender create Mesh node Sphere.004
13:29:16 | INFO: Blender create Mesh node Sphere.005
13:29:16 | INFO: Blender create Mesh node Sphere.006
13:29:16 | INFO: Blender create Mesh node Sphere.007
13:29:16 | INFO: Blender create Mesh node Cylinder.011
13:29:16 | INFO: Blender create Mesh node Cylinder.012
13:29:16 | INFO: Blender create Mesh node Cylinder.013
13:29:16 | INFO: Blender create Mesh node Cube.027
13:29:16 | INFO: Blender create Mesh node Cube.043
13:29:16 | INFO: Blender create Mesh node Cube.029
13:29:16 | INFO: Blender create Mesh node Cube.028
13:29:16 | INFO: Blender create Mesh node Cube.025
13:29:16 | INFO: Blender create Mesh node Cube.037
13:29:16 | INFO: Blender create Mesh node Cube.038
13:29:16 | INFO: Blender create Mesh node Cylinder.009
13:29:16 | INFO: Blender create Mesh node Cube.035
13:29:16 | INFO: Blender create Mesh node Cube.036
13:29:16 | INFO: Blender create Mesh node Cube.033
13:29:16 | INFO: Blender create Mesh node Cube.034
13:29:16 | INFO: Blender create Mesh node Cube.039
13:29:16 | INFO: Blender create Mesh node Cube.040
13:29:16 | INFO: Blender create Mesh node Cube.041
13:29:16 | INFO: Blender create Mesh node Cube.042
13:29:16 | INFO: Blender create Mesh node Cylinder.010
13:29:16 | INFO: Blender create Mesh node Cube.044
13:29:16 | INFO: Blender create Mesh node Cube.026
13:29:16 | INFO: glTF import finished in 0.02s
13:29:17 | INFO: Data are loaded, start creating Blender stuff
13:29:17 | INFO: Blender create Mesh node Cube.016
13:29:17 | INFO: Blender create Mesh node Cube.017
13:29:17 | INFO: Blender create Mesh node Cube.018
13:29:17 | INFO: Blender create Mesh node Sphere.004
13:29:17 | INFO: Blender create Mesh node Sphere.005
13:29:17 | INFO: Blender create Mesh node Sphere.006
13:29:17 | INFO: Blender create Mesh node Sphere.007
13:29:17 | INFO: Blender create Mesh node Cylinder.034
13:29:17 | INFO: Blender create Mesh node Cylinder.035
13:29:17 | INFO: Blender create Mesh node Cylinder.036
13:29:17 | INFO: Blender create Mesh node Cube.021
13:29:17 | INFO: Blender create Mesh node Cube.022
13:29:17 | INFO: Blender create Mesh node Cylinder.038
13:29:17 | INFO: Blender create Mesh node Cylinder.039
13:29:17 | INFO: Blender create Mesh node Cylinder.040
13:29:17 | INFO: Blender create Mesh node Cylinder.041
13:29:17 | INFO: Blender create Mesh node Cube.023
13:29:17 | INFO: Blender create Mesh node Cube.020
13:29:17 | INFO: Blender create Mesh node Cube.024
13:29:17 | INFO: Blender create Mesh node Cube.014
13:29:17 | INFO: Blender create Mesh node Cylinder.026
13:29:17 | INFO: Blender create Mesh node Cylinder.027
13:29:17 | INFO: Blender create Mesh node Cylinder.028
13:29:17 | INFO: Blender create Mesh node Cylinder.029
13:29:17 | INFO: Blender create Mesh node Cylinder.030
13:29:17 | INFO: Blender create Mesh node Cylinder.031
13:29:17 | INFO: Blender create Mesh node Cube.019
13:29:17 | INFO: Blender create Mesh node Cylinder.042
13:29:17 | INFO: Blender create Mesh node Cylinder.043
13:29:17 | INFO: Blender create Mesh node Cylinder.044
13:29:17 | INFO: Blender create Mesh node Cylinder.045
13:29:17 | INFO: Blender create Mesh node Cylinder.023
13:29:17 | INFO: Blender create Mesh node Cylinder.024
13:29:17 | INFO: Blender create Mesh node Cylinder.025
13:29:17 | INFO: Blender create Mesh node Cylinder.037
13:29:17 | INFO: Blender create Mesh node Cylinder.032
13:29:17 | INFO: Blender create Mesh node Cylinder.033
13:29:17 | INFO: Blender create Mesh node Cube.015
13:29:17 | INFO: glTF import finished in 0.01s
13:29:17 | INFO: Data are loaded, start creating Blender stuff
13:29:17 | INFO: Blender create Mesh node Cube.021
13:29:17 | INFO: Blender create Mesh node Cube.020
13:29:17 | INFO: Blender create Mesh node Cube.029
13:29:17 | INFO: Blender create Mesh node Cube.031
13:29:17 | INFO: Blender create Mesh node Cube.028
13:29:17 | INFO: Blender create Mesh node Cube.030
13:29:17 | INFO: Blender create Mesh node Cube.032
13:29:17 | INFO: Blender create Mesh node Cube.034
13:29:17 | INFO: Blender create Mesh node Cube.033
13:29:17 | INFO: Blender create Mesh node Cube.035
13:29:17 | INFO: Blender create Mesh node Cube.027
13:29:17 | INFO: Blender create Mesh node Cube.022
13:29:17 | INFO: Blender create Mesh node Cylinder.010
13:29:17 | INFO: Blender create Mesh node Cylinder.011
13:29:17 | INFO: Blender create Mesh node Sphere.005
13:29:17 | INFO: Blender create Mesh node Sphere.006
13:29:17 | INFO: Blender create Mesh node Sphere.007
13:29:17 | INFO: Blender create Mesh node Sphere.008
13:29:17 | INFO: Blender create Mesh node Sphere.009
13:29:17 | INFO: Blender create Mesh node Cylinder.006
13:29:17 | INFO: Blender create Mesh node Cylinder.007
13:29:17 | INFO: Blender create Mesh node Cylinder.008
13:29:17 | INFO: Blender create Mesh node Cylinder.009
13:29:17 | INFO: Blender create Mesh node Cube.036
13:29:17 | INFO: Blender create Mesh node Cube.026
13:29:17 | INFO: Blender create Mesh node Cube.023
13:29:17 | INFO: Blender create Mesh node Cube.024
13:29:17 | INFO: Blender create Mesh node Cube.025
13:29:17 | INFO: glTF import finished in 0.01s
ROOM_KIT_PILOT_REIMPORT_PASS [{"asset_id": "fabrication_station_derelict_v1", "helpers_excluded": true, "identity_nodes": true, "mesh_count": 34, "world_max_blender": [0.8499999642372131, 0.5, 1.8200000524520874], "world_min_blender": [-0.8499999642372131, -0.5, 0.0]}, {"asset_id": "coolant_pump_skid_derelict_v1", "helpers_excluded": true, "identity_nodes": true, "mesh_count": 38, "world_max_blender": [0.7599999904632568, 0.47749996185302734, 0.9750000238418579], "world_min_blender": [-0.7599999904632568, -0.4775000214576721, 0.0]}, {"asset_id": "suit_service_stand_derelict_v1", "helpers_excluded": true, "identity_nodes": true, "mesh_count": 28, "world_max_blender": [0.6378401517868042, 0.3869999945163727, 1.8700000047683716], "world_min_blender": [-0.6341319680213928, -0.3869999945163727, 0.0]}]
Blender 5.2.0 LTS (hash fbe6228777e7 built 2026-07-14 01:31:22)

Blender quit
