.F.......                                                                [100%]
=================================== FAILURES ===================================
_______________________ test_runner[print("REAL")--10-1] _______________________

tmp_path = PosixPath('/private/var/folders/3h/0b2xvsws05g5_ddczh11v8n40000gn/T/pytest-of-christopherwilloughby/pytest-61/test_runner_print__REAL____10_0')
program = 'print("REAL")', marker = '', timeout = 10, expected = 1

    @pytest.mark.parametrize(
        "program,marker,timeout,expected",
        [
            ('print("REAL")', "REAL", 10, 0),
            ('print("REAL")', "", 10, 1),
            ('print("SCRIPT ERROR: deliberate runner test"); print("REAL")', "REAL", 10, 1),
            ('print("ERROR: deliberate runner test"); print("REAL")', "REAL", 10, 1),
            ('print("WARNING: deliberate runner test"); print("REAL")', "REAL", 10, 1),
            ('print("wrong marker")', "REAL", 10, 1),
            ('raise SystemExit(5)', "REAL", 10, 1),
            ('import time; time.sleep(10)', "", 1, 1),
        ],
    )
    def test_runner(tmp_path, program, marker, timeout, expected) -> None:
        log = tmp_path / "output.txt"
        result = subprocess.run(
            [
                sys.executable,
                str(RUNNER),
                "--log",
                str(log),
                "--marker",
                marker,
                "--timeout",
                str(timeout),
                "--",
                sys.executable,
                "-c",
                program,
            ],
            text=True,
            capture_output=True,
            timeout=15,
            cwd=ROOT,
        )
    
>       assert result.returncode == expected, result.stdout + result.stderr
E       AssertionError: GATE_PASS /private/var/folders/3h/0b2xvsws05g5_ddczh11v8n40000gn/T/pytest-of-christopherwilloughby/pytest-61/test_runner_print__REAL____10_0/output.txt
E         
E       assert 0 == 1
E        +  where 0 = CompletedProcess(args=['/opt/homebrew/opt/python@3.11/bin/python3.11', '/Volumes/Untitled/SynapticSeaAssets/worktrees/...ddczh11v8n40000gn/T/pytest-of-christopherwilloughby/pytest-61/test_runner_print__REAL____10_0/output.txt\n', stderr='').returncode

tests/test_run_room_kit_gate.py:50: AssertionError
=========================== short test summary info ============================
FAILED tests/test_run_room_kit_gate.py::test_runner[print("REAL")--10-1] - As...
1 failed, 8 passed in 1.47s
